
Kyungin@207-04 MINGW64 ~/Desktop/Node_MHY
$ git clone git clone https://github.com/eunhyun320/Node_MHY.git .
fatal: Too many arguments.

usage: git clone [<options>] [--] <repo> [<dir>]

    -v, --[no-]verbose    be more verbose
    -q, --[no-]quiet      be more quiet
    --[no-]progress       force progress reporting
    --[no-]reject-shallow don't clone shallow repository
    -n, --no-checkout     don't create a checkout
    --checkout            opposite of --no-checkout
    --[no-]bare           create a bare repository
    --[no-]mirror         create a mirror repository (implies --bare)
    -l, --[no-]local      to clone from a local repository
    --no-hardlinks        don't use local hardlinks, always copy
    --hardlinks           opposite of --no-hardlinks
    -s, --[no-]shared     setup as shared repository
    --[no-]recurse-submodules[=<pathspec>]
                          initialize submodules in the clone
    --[no-]recursive ...  alias of --recurse-submodules
    -j, --[no-]jobs <n>   number of submodules cloned in parallel
    --[no-]template <template-directory>
                          directory from which templates will be used
    --[no-]reference <repo>
                          reference repository
    --[no-]reference-if-able <repo>
                          reference repository
    --[no-]dissociate     use --reference only while cloning
    -o, --[no-]origin <name>
                          use <name> instead of 'origin' to track upstream
    -b, --[no-]branch <branch>
                          checkout <branch> instead of the remote's HEAD
    --[no-]revision <rev> clone single revision <rev> and check out
    -u, --[no-]upload-pack <path>
                          path to git-upload-pack on the remote
    --[no-]depth <depth>  create a shallow clone of that depth
    --[no-]shallow-since <time>
                          create a shallow clone since a specific time
    --[no-]shallow-exclude <ref>
                          deepen history of shallow clone, excluding ref
    --[no-]single-branch  clone only one branch, HEAD or --branch
    --[no-]tags           clone tags, and make later fetches not to follow them
    --[no-]shallow-submodules
                          any cloned submodules will be shallow
    --[no-]separate-git-dir <gitdir>
                          separate git dir from working tree
    --[no-]ref-format <format>
                          specify the reference format to use
    -c, --[no-]config <key=value>
                          set config inside the new repository
    --[no-]server-option <server-specific>
                          option to transmit
    -4, --ipv4            use IPv4 addresses only
    -6, --ipv6            use IPv6 addresses only
    --[no-]filter <args>  object filtering
    --[no-]also-filter-submodules
                          apply partial clone filters to submodules
    --[no-]remote-submodules
                          any cloned submodules will use their remote-tracking branch
    --[no-]sparse         initialize sparse-checkout file to include only files at root
    --[no-]bundle-uri <uri>
                          a URI for downloading bundles before fetching from origin remote


Kyungin@207-04 MINGW64 ~/Desktop/Node_MHY
$ git clone https://github.com/eunhyun320/Node_MHY.git .
Cloning into '.'...
remote: Enumerating objects: 1644, done.
remote: Counting objects: 100% (1644/1644), done.
remote: Compressing objects: 100% (1304/1304), done.
remote: Total 1644 (delta 260), reused 1644 (delta 260), pack-reused 0 (from 0)
Receiving objects: 100% (1644/1644), 15.55 MiB | 17.42 MiB/s, done.
Resolving deltas: 100% (260/260), done.
Updating files: 100% (1421/1421), done.

Kyungin@207-04 MINGW64 ~/Desktop/Node_MHY (main)
$ ls
README.md  app.js  node_modules/  package-lock.json  package.json  routers/  views/

Kyungin@207-04 MINGW64 ~/Desktop/Node_MHY (main)
$ git log
commit b8e0c529d9991db6de00a8e1f9faed6e7e9bb035 (HEAD -> main, origin/main, origin/HEAD)
Author: nodeNayn <janaj2143119@naver.com>
Date:   Fri Sep 26 17:27:13 2025 +0900

    README commit

commit d5e2c080280428f815e0a280d893ef8a1e28bd71
Author: Nayn_04 <janaj2143119@naver.com>
Date:   Fri Sep 26 17:21:16 2025 +0900

    0926 _4주차까지 첫 커밋

Kyungin@207-04 MINGW64 ~/Desktop/Node_MHY (main)
$ git status
On branch main
Your branch is up to date with 'origin/main'.

Changes not staged for commit:
  (use "git add <file>..." to update what will be committed)
  (use "git restore <file>..." to discard changes in working directory)
        modified:   app.js

no changes added to commit (use "git add" and/or "git commit -a")

Kyungin@207-04 MINGW64 ~/Desktop/Node_MHY (main)
$ cat app.js
// 서버 !! 실행시키면 뜬다
const express = require("express");
const nunjucks = require("nunjucks");

const app = express();
app.set('view engine','html');

// View enging 설정
nunjucks.configure('views',{
    express :app,
    watch : true
})

// 정적파일 설정
app.use('/assets',express.static(__dirname+'/views/assets'));

// Routing 방법
const indexRouter = require('./routers/home');
const membarRouter = require('./routers/member');


app.use('/',indexRouter.router);
app.use('/member',membarRouter.router);

// 404not Found
app.use((req,res)=>{
    res.status(404).send('404오류다. 저리가라')
});

app.listen(
    // 80 포트
    80, () =>{
        console.log(80,'번에서 express 동작중');
    }
);


Kyungin@207-04 MINGW64 ~/Desktop/Node_MHY (main)
$ git add app.js

Kyungin@207-04 MINGW64 ~/Desktop/Node_MHY (main)
$ git commit -m "update app.js"
Author identity unknown

*** Please tell me who you are.

Run

  git config --global user.email "you@example.com"
  git config --global user.name "Your Name"

to set your account's default identity.
Omit --global to set the identity only in this repository.

fatal: unable to auto-detect email address (got 'Kyungin@207-04.(none)')

Kyungin@207-04 MINGW64 ~/Desktop/Node_MHY (main)
$ git config --global user.email "kesther4669@naver.com"

Kyungin@207-04 MINGW64 ~/Desktop/Node_MHY (main)
$ git config --global user.name "eunhyun"

Kyungin@207-04 MINGW64 ~/Desktop/Node_MHY (main)
$  git commit -m "update app.js"
[main fe471c9] update app.js
 1 file changed, 1 insertion(+), 1 deletion(-)

Kyungin@207-04 MINGW64 ~/Desktop/Node_MHY (main)
$ git push
info: please complete authentication in your browser...
Enumerating objects: 5, done.
Counting objects: 100% (5/5), done.
Delta compression using up to 12 threads
Compressing objects: 100% (3/3), done.
Writing objects: 100% (3/3), 295 bytes | 295.00 KiB/s, done.
Total 3 (delta 2), reused 0 (delta 0), pack-reused 0 (from 0)
remote: Resolving deltas: 100% (2/2), completed with 2 local objects.
To https://github.com/eunhyun320/Node_MHY.git
   b8e0c52..fe471c9  main -> main

Kyungin@207-04 MINGW64 ~/Desktop/Node_MHY (main)
$ touch .gitignore

Kyungin@207-04 MINGW64 ~/Desktop/Node_MHY (main)
$ git status
On branch main
Your branch is up to date with 'origin/main'.

Untracked files:
  (use "git add <file>..." to include in what will be committed)
        .gitignore

nothing added to commit but untracked files present (use "git add" to track)

Kyungin@207-04 MINGW64 ~/Desktop/Node_MHY (main)
$ git add ,gitignore
fatal: pathspec ',gitignore' did not match any files

Kyungin@207-04 MINGW64 ~/Desktop/Node_MHY (main)
$ git add .gitignore

Kyungin@207-04 MINGW64 ~/Desktop/Node_MHY (main)
$ git commit -m "add .gitignore"
[main 14a2947] add .gitignore
 1 file changed, 34 insertions(+)
 create mode 100644 .gitignore

Kyungin@207-04 MINGW64 ~/Desktop/Node_MHY (main)
$ git push
Enumerating objects: 4, done.
Counting objects: 100% (4/4), done.
Delta compression using up to 12 threads
Compressing objects: 100% (3/3), done.
Writing objects: 100% (3/3), 561 bytes | 561.00 KiB/s, done.
Total 3 (delta 1), reused 0 (delta 0), pack-reused 0 (from 0)
remote: Resolving deltas: 100% (1/1), completed with 1 local object.
To https://github.com/eunhyun320/Node_MHY.git
   fe471c9..14a2947  main -> main

Kyungin@207-04 MINGW64 ~/Desktop/Node_MHY (main)
$ git log
commit 14a2947da4436ef81631287079f15204b56b7154 (HEAD -> main, origin/main, origin/HEAD)
Author: eunhyun <kesther4669@naver.com>
Date:   Wed Oct 1 14:43:07 2025 +0900

    add .gitignore

commit fe471c956ed13e682120af875ba15464c7404825
Author: eunhyun <kesther4669@naver.com>
Date:   Wed Oct 1 14:31:38 2025 +0900

    update app.js

commit b8e0c529d9991db6de00a8e1f9faed6e7e9bb035
Author: nodeNayn <janaj2143119@naver.com>
Date:   Fri Sep 26 17:27:13 2025 +0900

    README commit

commit d5e2c080280428f815e0a280d893ef8a1e28bd71
Author: Nayn_04 <janaj2143119@naver.com>
Date:   Fri Sep 26 17:21:16 2025 +0900

    0926 _4주차까지 첫 커밋

Kyungin@207-04 MINGW64 ~/Desktop/Node_MHY (main)
$ ^C

Kyungin@207-04 MINGW64 ~/Desktop/Node_MHY (main)
$
